== Mini match (direct UCI) ==
our engine: /Users/linh/code/rustchess/target/release/rustchess
opponent: stockfish
games: 100, depth: 6, max_plies: 300
requested all CPU cores: 10
our engine configured: Threads=10
opponent configured: Threads=10
opponent limited to UCI_Elo=2000
game 1/100: our_color=W result=1-0 plies=87 W-L-D=1-0-0 elapsed=145.0s avg=145.0s/game eta=14352.0s
full game 1: 1. b1c3 d7d5 2. d2d4 g8f6 3. g1f3 c7c6 4. d1d3 g7g6 5. e2e4 f6e4 6. c3e4 d5e4 7. d3e4 f8g7 8. f1d3 c8f5 9. e4e3 b8d7 10. d3f5 d8a5 11. e1f1 a5f5 12. e3b3 e7e5 13. b3b7 a8d8 14. d4e5 f5c2 15. c1g5 d8b8 16. b7a7 b8b2 17. a7a8 d7b8 18. a8a7 c2d3 19. f1g1 b8d7 20. a7a8 b2b8 21. a8c6 e8g8 22. a1e1 b8b6 23. c6c1 f8b8 24. c1f4 b6b1 25. e5e6 b1e1 26. f3e1 d3e2 27. e6f7 g8h8 28. f4e3 e2a2 29. e3e8 g7f8 30. e8d7 h7h6 31. g5h6 a2a1 32. h6d2 a1b1 33. h2h3 h8h7 34. d7e8 f8c5 35. d2f4 c5f2 36. g1f2 b8e8 37. f7e8q b1f5 38. e1d3 f5f6 39. h1c1 f6g7 40. c1c7 g7c7 41. f4c7 h7h6 42. d3e5 h6g7 43. e8g6 g7f8 44. g6f7
game 2/100: our_color=B result=0-1 plies=50 W-L-D=2-0-0 elapsed=439.5s avg=219.8s/game eta=21535.6s
full game 2: 1. e2e4 b8c6 2. d2d4 d7d5 3. e4d5 d8d5 4. b1c3 d5d4 5. d1f3 c8g4 6. f3f4 e7e5 7. f4e3 g4f5 8. e3f3 f5c2 9. f3e2 c2f5 10. g1f3 d4c5 11. e2d1 g8f6 12. c3b5 c6b4 13. b5a3 f6g4 14. c1e3 g4e3 15. d1b3 e3c2 16. e1d2 e8c8 17. d2e2 f5d3 18. e2d2 d3f1 19. d2c1 c2a1 20. c1b1 a1b3 21. h1f1 c5d5 22. f3d4 b3d2 23. b1c1 d5d4 24. h2h3 d2f1 25. a3c4 d4d1
game 3/100: our_color=W result=1-0 plies=123 W-L-D=3-0-0 elapsed=604.6s avg=201.5s/game eta=19549.8s
full game 3: 1. b1c3 c7c6 2. g1f3 g7g6 3. d2d4 f8g7 4. e2e4 g8f6 5. e4e5 f6d5 6. c3e4 h7h6 7. c2c4 d5b6 8. c4c5 b6d5 9. c1d2 b8a6 10. f1c4 a8b8 11. e1g1 a6c7 12. d1a4 e8g8 13. a1d1 b7b6 14. a4b3 g8h8 15. g1h1 c8b7 16. b3a3 d8c8 17. f1e1 b7a6 18. c4a6 c8a6 19. a3a6 c7a6 20. c5b6 b8b6 21. d2c1 h8h7 22. h2h3 a6c7 23. e4c5 f8d8 24. c5d3 d5b4 25. d3b4 b6b4 26. a2a3 b4c4 27. c1d2 c7d5 28. b2b3 c4c2 29. d2a5 d8f8 30. d1d2 c2d2 31. a5d2 g6g5 32. b3b4 d5c7 33. d2e3 h7g6 34. h1h2 f7f5 35. e1c1 f8a8 36. e3d2 g6f7 37. g2g4 f5g4 38. h3g4 c7b5 39. c1c5 b5a3 40. d2c1 a3b5 41. c1d2 g7f8 42. d4d5 f7e8 43. d5c6 d7c6 44. c5c6 a7a6 45. e5e6 a8d8 46. c6a6 f8g7 47. d2e3 d8d6 48. a6a8 d6d8 49. a8a5 b5d6 50. e3c5 d6b7 51. a5a7 b7c5 52. b4c5 g7b2 53. c5c6 b2c1 54. h2h1 e8f8 55. f3e5 f8e8 56. c6c7 c1b2 57. c7d8q e8d8 58. e5c6 d8c8 59. c6e7 c8b8 60. e7c6 b8c8 61. e6e7 b2c1 62. e7e8q
game 4/100: our_color=B result=1/2-1/2 plies=118 W-L-D=3-0-1 elapsed=700.7s avg=175.2s/game eta=16815.6s
full game 4: 1. e2e4 b8c6 2. b1c3 e7e5 3. g1f3 g8f6 4. d2d4 e5d4 5. f3d4 f8b4 6. d4c6 b4c3 7. b2c3 b7c6 8. f1d3 d8e7 9. e1g1 d7d5 10. f1e1 d5e4 11. h2h3 c8f5 12. f2f3 e8f8 13. a2a4 e7e5 14. d1e2 a8e8 15. e2e3 e5c3 16. d3a6 c3e3 17. c1e3 e4f3 18. a4a5 f3g2 19. e3a7 e8e1 20. a1e1 f5h3 21. a7d4 f6d7 22. a6c8 f7f6 23. c8b7 c6c5 24. d4f2 h3f5 25. b7d5 f5c2 26. a5a6 g7g5 27. d5b7 f8f7 28. a6a7 d7b6 29. f2c5 b6a8 30. b7g2 f7g6 31. e1e2 c2d3 32. e2e1 f6f5 33. g2b7 f5f4 34. e1d1 d3f5 35. d1d4 h7h5 36. d4b4 h5h4 37. b7d5 h8d8 38. d5f3 d8e8 39. b4b5 h4h3 40. c5f2 f5e4 41. f3e4 e8e4 42. b5b8 h3h2 43. g1h2 e4e2 44. h2g2 g5g4 45. b8a8 e2a2 46. a8g8 g6h5 47. g8f8 g4g3 48. a7a8q a2a8 49. f8a8 g3f2 50. a8a5 h5g4 51. g2f2 g4h3 52. a5b5 h3g4 53. b5e5 g4h3 54. f2f3 h3h2 55. e5b5 h2g1 56. b5a5 g1h1 57. a5h5 h1g1 58. h5a5 g1h1 59. a5c5 h1g1
game 5/100: our_color=W result=1-0 plies=81 W-L-D=4-0-1 elapsed=827.1s avg=165.4s/game eta=15715.6s
full game 5: 1. b1c3 d7d5 2. d2d4 g7g6 3. e2e4 f8g7 4. e4d5 b8d7 5. g1e2 d7b6 6. e2f4 d8d7 7. a2a4 g8f6 8. f1b5 c7c6 9. d5c6 b7c6 10. b5e2 e8g8 11. a4a5 b6d5 12. c3d5 c6d5 13. c2c4 d7b7 14. c4c5 b7c7 15. f4d3 c8a6 16. c1f4 c7d7 17. f4e3 a8b8 18. a1b1 f6e4 19. f2f3 d7e6 20. d3f4 e4c3 21. f4e6 c3d1 22. e6f8 d1e3 23. f8d7 e3g2 24. e1f2 b8b3 25. e2a6 g2e3 26. d7e5 g7h6 27. c5c6 g8g7 28. c6c7 h6f4 29. c7c8q f4e5 30. d4e5 h7h6 31. c8d7 h6h5 32. d7a4 e3g4 33. f3g4 b3h3 34. g4g5 h3h4 35. a4h4 g7g8 36. h4d4 g8g7 37. e5e6 f7f6 38. d4a7 g7g8 39. a7e7 f6g5 40. b1c1 g8h8 41. c1c8
game 6/100: our_color=B result=0-1 plies=76 W-L-D=5-0-1 elapsed=1033.0s avg=172.2s/game eta=16183.4s
full game 6: 1. e2e3 d7d5 2. d2d4 e7e6 3. c2c4 b8c6 4. g1f3 g8f6 5. a2a3 c8d7 6. b2b4 f6e4 7. f1d3 d8f6 8. d1c2 f8b4 9. e1f1 b4d6 10. h2h4 e8c8 11. b1d2 e4d2 12. c1d2 d5c4 13. d3e2 b7b5 14. c2a2 f6f5 15. h4h5 e6e5 16. d4d5 c6e7 17. f3h4 f5e4 18. a3a4 a7a6 19. f1g1 e4d5 20. h5h6 g7h6 21. a1b1 c4c3 22. a2a1 c3d2 23. h4f3 e5e4 24. f3d4 d6e5 25. a4b5 d7b5 26. e2g4 f7f5 27. b1b5 d5b5 28. h1h6 f5g4 29. h6a6 e5d4 30. e3d4 b5e2 31. a6a8 c8d7 32. a1a4 e7c6 33. a8d8 h8d8 34. g2g3 d8f8 35. f2f4 e4f3 36. a4c6 d7c6 37. d4d5 c6d5 38. g1h1 d2d1q
