== Mini match (direct UCI) ==
our engine: /Users/linh/code/rustchess/target/release/rustchess
opponent: stockfish
games: 100, movetime_ms: 50, max_plies: 300
requested all CPU cores: 10
note: our engine does not support UCI option 'Threads', skipping
opponent configured: Threads=10
opponent limited to UCI_Elo=1500
game 1/100: our_color=W result=0-1 W-L-D=0-1-0
game 2/100: our_color=B result=1-0 W-L-D=0-2-0
game 3/100: our_color=W result=0-1 W-L-D=0-3-0
game 4/100: our_color=B result=0-1 W-L-D=1-3-0
game 5/100: our_color=W result=0-1 W-L-D=1-4-0
game 6/100: our_color=B result=1-0 W-L-D=1-5-0
game 7/100: our_color=W result=0-1 W-L-D=1-6-0
game 8/100: our_color=B result=1-0 W-L-D=1-7-0
game 9/100: our_color=W result=0-1 W-L-D=1-8-0
game 10/100: our_color=B result=0-1 W-L-D=2-8-0
sample game 10: plies=66 moves=e2e4 b7b6 b1c3 a7a6 d2d4 a6a5 f1c4 e7e6 g1f3 f8b4 c1g5 f7f6 g5h4 a5a4 d1d3 a4a3 e1g1 a3b2 a1d1 g7g5 c3d5 e6d5 c4b3 c8a6 c2c4 d5c4 b3c4 a6c4 d3c4 g5h4 e4e5 b4a3 d1e1 f6e5 c4d5 a8a5 d5c4 b2b1q e1b1 e5e4 ...
game 11/100: our_color=W result=0-1 W-L-D=2-9-0
game 12/100: our_color=B result=1-0 W-L-D=2-10-0
game 13/100: our_color=W result=0-1 W-L-D=2-11-0
game 14/100: our_color=B result=1-0 W-L-D=2-12-0
game 15/100: our_color=W result=0-1 W-L-D=2-13-0
game 16/100: our_color=B result=0-1 W-L-D=3-13-0
game 17/100: our_color=W result=0-1 W-L-D=3-14-0
game 18/100: our_color=B result=1-0 W-L-D=3-15-0
game 19/100: our_color=W result=0-1 W-L-D=3-16-0
game 20/100: our_color=B result=1-0 W-L-D=3-17-0
sample game 20: plies=155 moves=g1f3 b7b6 g2g3 a7a5 b1c3 c7c6 e2e4 d7d6 h2h4 c8a6 h4h5 a6f1 d2d3 f1g2 h1g1 g2f3 d1f3 a5a4 d3d4 b6b5 c3e2 e7e6 g3g4 h7h6 g4g5 h6g5 g1g5 f7f6 g5g1 b5b4 e2f4 b4b3 a2b3 e6e5 f4g6 a4a3 g6h8 a3b2 c1b2 a8a1 ...
game 21/100: our_color=W result=0-1 W-L-D=3-18-0
game 22/100: our_color=B result=1/2-1/2 W-L-D=3-18-1
game 23/100: our_color=W result=0-1 W-L-D=3-19-1
game 24/100: our_color=B result=1-0 W-L-D=3-20-1
game 25/100: our_color=W result=0-1 W-L-D=3-21-1
game 26/100: our_color=B result=1-0 W-L-D=3-22-1
game 27/100: our_color=W result=0-1 W-L-D=3-23-1
game 28/100: our_color=B result=0-1 W-L-D=4-23-1
game 29/100: our_color=W result=1/2-1/2 W-L-D=4-23-2
game 30/100: our_color=B result=1-0 W-L-D=4-24-2
sample game 30: plies=53 moves=g1f3 b7b6 e2e4 a7a6 b1c3 a6a5 d2d4 a5a4 a2a3 e7e6 f1b5 c7c5 d4d5 c5c4 d1e2 c8b7 b5c4 b6b5 c3b5 e6e5 f3e5 d7d6 e5d3 b7a6 e1g1 a6b7 c1d2 b7c8 e4e5 d6e5 a1e1 b8d7 h2h3 f7f5 d5d6 d7b6 e2e5 g8e7 b5c7 d8c7 ...
game 31/100: our_color=W result=0-1 W-L-D=4-25-2
game 32/100: our_color=B result=1-0 W-L-D=4-26-2
game 33/100: our_color=W result=0-1 W-L-D=4-27-2
game 34/100: our_color=B result=1-0 W-L-D=4-28-2
game 35/100: our_color=W result=0-1 W-L-D=4-29-2
game 36/100: our_color=B result=1-0 W-L-D=4-30-2
game 37/100: our_color=W result=0-1 W-L-D=4-31-2
game 38/100: our_color=B result=1-0 W-L-D=4-32-2
game 39/100: our_color=W result=0-1 W-L-D=4-33-2
game 40/100: our_color=B result=1-0 W-L-D=4-34-2
sample game 40: plies=165 moves=e2e4 b7b6 g1f3 a7a6 d2d4 a6a5 f3g5 a5a4 b1c3 c7c6 d4d5 g8f6 e4e5 f6d5 d1h5 g7g6 h5h3 d5c3 b2c3 d7d6 h3e3 h7h6 g5f7 e8f7 c1a3 d6e5 e3f3 f7e8 f1d3 g6g5 e1c1 e5e4 d3e4 d8d1 c1d1 c8b7 h1e1 b6b5 f3f5 b7a6 ...
game 41/100: our_color=W result=0-1 W-L-D=4-35-2
game 42/100: our_color=B result=1-0 W-L-D=4-36-2
game 43/100: our_color=W result=0-1 W-L-D=4-37-2
game 44/100: our_color=B result=1-0 W-L-D=4-38-2
game 45/100: our_color=W result=1-0 W-L-D=5-38-2
game 46/100: our_color=B result=1-0 W-L-D=5-39-2
game 47/100: our_color=W result=0-1 W-L-D=5-40-2
game 48/100: our_color=B result=1-0 W-L-D=5-41-2
game 49/100: our_color=W result=0-1 W-L-D=5-42-2
game 50/100: our_color=B result=0-1 W-L-D=6-42-2
sample game 50: plies=126 moves=e2e4 b7b6 g1f3 a7a6 a2a3 a6a5 f1c4 e7e6 e1g1 a5a4 b1c3 c7c6 f1e1 b6b5 c4a2 b5b4 c3b1 d8f6 e4e5 f6f4 a3b4 f8b4 d2d4 f4g4 c2c3 b4e7 a2b3 g4f5 c3c4 a4a3 b1a3 f5g4 d1e2 g4h5 c1f4 h5f5 e2d2 e7a3 h2h4 a3b4 ...
game 51/100: our_color=W result=0-1 W-L-D=6-43-2
game 52/100: our_color=B result=1-0 W-L-D=6-44-2
game 53/100: our_color=W result=1-0 W-L-D=7-44-2
game 54/100: our_color=B result=0-1 W-L-D=8-44-2
game 55/100: our_color=W result=0-1 W-L-D=8-45-2
game 56/100: our_color=B result=1-0 W-L-D=8-46-2
game 57/100: our_color=W result=0-1 W-L-D=8-47-2
game 58/100: our_color=B result=1-0 W-L-D=8-48-2
game 59/100: our_color=W result=0-1 W-L-D=8-49-2
game 60/100: our_color=B result=1-0 W-L-D=8-50-2
sample game 60: plies=61 moves=d2d4 b7b6 c1f4 a7a6 d4d5 a6a5 b1c3 a5a4 d1d4 a4a3 b2b4 f7f6 e1c1 f6f5 g1f3 c8b7 e2e4 f5e4 f3g5 e4e3 d4e3 b7a6 f1b5 a6b5 c3b5 d7d6 d1d4 d8d7 e3d3 c7c5 h1e1 c5d4 b5d6 e8d8 g5f7 d8c7 d3c4 b8c6 d5c6 d7g4 ...
game 61/100: our_color=W result=0-1 W-L-D=8-51-2
game 62/100: our_color=B result=1-0 W-L-D=8-52-2
game 63/100: our_color=W result=0-1 W-L-D=8-53-2
game 64/100: our_color=B result=1-0 W-L-D=8-54-2
game 65/100: our_color=W result=0-1 W-L-D=8-55-2
game 66/100: our_color=B result=1-0 W-L-D=8-56-2
game 67/100: our_color=W result=0-1 W-L-D=8-57-2
game 68/100: our_color=B result=1-0 W-L-D=8-58-2
game 69/100: our_color=W result=1-0 W-L-D=9-58-2
game 70/100: our_color=B result=0-1 W-L-D=10-58-2
sample game 70: plies=80 moves=e2e3 c7c6 d2d4 a7a6 f1d3 a6a5 g1e2 a5a4 c2c4 d7d6 e1g1 d6d5 a2a3 d5c4 d3c2 b7b5 b1c3 c6c5 e3e4 c5d4 e2d4 e7e5 d4b5 d8d1 b5c7 e8d7 c7a8 d1c2 c1e3 d7c6 a1c1 c2b2 c3a4 b2b3 a8b6 c8a6 b6c4 a6c4 a4b6 f8a3 ...
game 71/100: our_color=W result=0-1 W-L-D=10-59-2
game 72/100: our_color=B result=1-0 W-L-D=10-60-2
game 73/100: our_color=W result=0-1 W-L-D=10-61-2
game 74/100: our_color=B result=1-0 W-L-D=10-62-2
game 75/100: our_color=W result=0-1 W-L-D=10-63-2
game 76/100: our_color=B result=1-0 W-L-D=10-64-2
game 77/100: our_color=W result=0-1 W-L-D=10-65-2
game 78/100: our_color=B result=1-0 W-L-D=10-66-2
game 79/100: our_color=W result=1-0 W-L-D=11-66-2
game 80/100: our_color=B result=1-0 W-L-D=11-67-2
sample game 80: plies=53 moves=d2d4 b7b6 b1c3 a7a6 g2g3 c8b7 e2e4 a6a5 g1h3 a5a4 a2a3 b7c6 d4d5 c6b7 h3g5 b7c8 c1e3 c7c6 e4e5 g8h6 d1f3 c6d5 c3d5 c8b7 e1c1 b7c6 e3b6 d8c8 g5e4 c6d5 d1d5 h6g8 f1b5 c8b7 d5d7 b7d7 b5d7 b8d7 e4g5 d7b6 ...
game 81/100: our_color=W result=0-1 W-L-D=11-68-2
game 82/100: our_color=B result=1-0 W-L-D=11-69-2
game 83/100: our_color=W result=0-1 W-L-D=11-70-2
game 84/100: our_color=B result=1-0 W-L-D=11-71-2
game 85/100: our_color=W result=1-0 W-L-D=12-71-2
game 86/100: our_color=B result=1-0 W-L-D=12-72-2
game 87/100: our_color=W result=0-1 W-L-D=12-73-2
game 88/100: our_color=B result=1-0 W-L-D=12-74-2
game 89/100: our_color=W result=1-0 W-L-D=13-74-2
game 90/100: our_color=B result=1-0 W-L-D=13-75-2
sample game 90: plies=59 moves=g1f3 b7b6 e2e4 a7a6 f1c4 e7e6 b1c3 a6a5 c4b3 c7c6 d2d4 f8b4 c1d2 d7d6 h2h3 f7f6 a2a4 g7g6 e4e5 d6e5 c3e4 b4d2 f3d2 d8d4 d1e2 d4b2 a1b1 b2a3 d2c4 a3e7 e4d6 e8f8 d6c8 e7d8 c4b6 a8a6 e1g1 a6b6 c8b6 d8b6 ...
game 91/100: our_color=W result=0-1 W-L-D=13-76-2
game 92/100: our_color=B result=0-1 W-L-D=14-76-2
game 93/100: our_color=W result=0-1 W-L-D=14-77-2
game 94/100: our_color=B result=1-0 W-L-D=14-78-2
game 95/100: our_color=W result=1-0 W-L-D=15-78-2
game 96/100: our_color=B result=0-1 W-L-D=16-78-2
game 97/100: our_color=W result=0-1 W-L-D=16-79-2
game 98/100: our_color=B result=1-0 W-L-D=16-80-2
game 99/100: our_color=W result=0-1 W-L-D=16-81-2
game 100/100: our_color=B result=1-0 W-L-D=16-82-2
sample game 100: plies=67 moves=c2c4 b7b6 a2a3 a7a6 d2d4 e7e6 d1c2 a6a5 e2e4 a5a4 f1d3 c7c6 g1e2 d7d6 b1c3 b6b5 e1g1 b5c4 d3c4 c6c5 d4c5 d6c5 f1d1 d8c7 c2d3 e6e5 h2h3 c7b6 d3d5 a8a7 c1g5 f7f6 g5e3 b6a5 b2b3 a4b3 c4b3 a5b6 c3a4 b6c7 ...

Final W-L-D: 16-82-2 (100 games, score=0.170)
Elo estimate (rustchess - opponent): -275.5
