== Mini match (direct UCI) ==
our engine: /Users/linh/code/rustchess/target/release/rustchess
opponent: stockfish
games: 100, depth: 6, max_plies: 300
requested all CPU cores: 10
our engine configured: Threads=10
opponent configured: Threads=10
opponent limited to UCI_Elo=2000
game 1/100: our_color=W result=1-0 plies=87 W-L-D=1-0-0 elapsed=351.2s avg=351.2s/game eta=34769.2s
game 2/100: our_color=B result=0-1 plies=124 W-L-D=2-0-0 elapsed=615.2s avg=307.6s/game eta=30144.2s
game 3/100: our_color=W result=1-0 plies=103 W-L-D=3-0-0 elapsed=912.1s avg=304.0s/game eta=29492.5s
game 4/100: our_color=B result=1/2-1/2 plies=118 W-L-D=3-0-1 elapsed=1255.0s avg=313.7s/game eta=30119.6s
game 5/100: our_color=W result=1-0 plies=73 W-L-D=4-0-1 elapsed=1321.7s avg=264.3s/game eta=25113.1s
game 6/100: our_color=B result=1-0 plies=73 W-L-D=4-1-1 elapsed=1448.0s avg=241.3s/game eta=22685.1s
game 7/100: our_color=W result=1-0 plies=59 W-L-D=5-1-1 elapsed=1530.6s avg=218.7s/game eta=20334.9s
game 8/100: our_color=B result=0-1 plies=72 W-L-D=6-1-1 elapsed=1902.4s avg=237.8s/game eta=21877.9s
game 9/100: our_color=W result=1-0 plies=135 W-L-D=7-1-1 elapsed=2313.7s avg=257.1s/game eta=23394.1s
game 10/100: our_color=B result=1/2-1/2 plies=65 W-L-D=7-1-2 elapsed=2582.4s avg=258.2s/game eta=23241.9s
sample game 10: plies=65 moves=e2e4 b8c6 g1f3 d7d5 e4d5 d8d5 d2d4 c8g4 b1c3 d5f5 f1d3 g4f3 c3b5 f5b5 d1f3 b5b6 c1e3 b6b2 e1e2 g8f6 a2a4 e7e5 h1b1 b2d4 d3a6 e5e4 f3h3 d4c3 b1b7 c6b4 a6b5 c7c6 b7a7 a8a7 h3c8 e8e7 e3d2 c3c2 a1c1 c2a2 ...
game 11/100: our_color=W result=1/2-1/2 plies=185 W-L-D=7-1-3 elapsed=2736.3s avg=248.8s/game eta=22139.0s
game 12/100: our_color=B result=0-1 plies=252 W-L-D=8-1-3 elapsed=2995.8s avg=249.7s/game eta=21969.5s
game 13/100: our_color=W result=1/2-1/2 plies=153 W-L-D=8-1-4 elapsed=3126.4s avg=240.5s/game eta=20922.8s
game 14/100: our_color=B result=1/2-1/2 plies=57 W-L-D=8-1-5 elapsed=3308.8s avg=236.3s/game eta=20325.4s
game 15/100: our_color=W result=1-0 plies=59 W-L-D=9-1-5 elapsed=3560.9s avg=237.4s/game eta=20178.4s
game 16/100: our_color=B result=0-1 plies=60 W-L-D=10-1-5 elapsed=3735.5s avg=233.5s/game eta=19611.3s
game 17/100: our_color=W result=0-1 plies=94 W-L-D=10-2-5 elapsed=3881.0s avg=228.3s/game eta=18948.4s
game 18/100: our_color=B result=1/2-1/2 plies=146 W-L-D=10-2-6 elapsed=4014.9s avg=223.0s/game eta=18290.1s
game 19/100: our_color=W result=1-0 plies=49 W-L-D=11-2-6 elapsed=4226.8s avg=222.5s/game eta=18019.6s
game 20/100: our_color=B result=0-1 plies=64 W-L-D=12-2-6 elapsed=4530.0s avg=226.5s/game eta=18119.9s
sample game 20: plies=64 moves=e2e4 b8c6 d2d4 d7d5 f2f3 e7e5 f1b5 e5d4 g1e2 d5e4 e2d4 e4f3 d4c6 d8d1 e1d1 a7a6 b5c4 f3g2 h1e1 g8e7 c6e7 f8e7 c1e3 e8g8 d1d2 c8h3 b1c3 f8d8 c4d3 e7d6 c3e4 d6h2 e1e2 h7h6 e3g1 h2e5 g1e3 e5b2 a1e1 h3g4 ...
game 21/100: our_color=W result=1-0 plies=65 W-L-D=13-2-6 elapsed=4750.0s avg=226.2s/game eta=17868.9s
game 22/100: our_color=B result=0-1 plies=102 W-L-D=14-2-6 elapsed=5052.6s avg=229.7s/game eta=17913.7s
game 23/100: our_color=W result=1/2-1/2 plies=58 W-L-D=14-2-7 elapsed=5150.0s avg=223.9s/game eta=17241.3s
game 24/100: our_color=B result=0-1 plies=138 W-L-D=15-2-7 elapsed=5577.4s avg=232.4s/game eta=17661.6s
game 25/100: our_color=W result=1-0 plies=47 W-L-D=16-2-7 elapsed=5758.1s avg=230.3s/game eta=17274.2s
game 26/100: our_color=B result=1/2-1/2 plies=170 W-L-D=16-2-8 elapsed=6270.2s avg=241.2s/game eta=17846.0s
game 27/100: our_color=W result=1-0 plies=73 W-L-D=17-2-8 elapsed=6753.6s avg=250.1s/game eta=18259.7s
game 28/100: our_color=B result=0-1 plies=138 W-L-D=18-2-8 elapsed=6962.1s avg=248.6s/game eta=17902.6s
game 29/100: our_color=W result=1/2-1/2 plies=107 W-L-D=18-2-9 elapsed=7053.3s avg=243.2s/game eta=17268.4s
game 30/100: our_color=B result=0-1 plies=62 W-L-D=19-2-9 elapsed=7161.8s avg=238.7s/game eta=16710.8s
sample game 30: plies=62 moves=d2d4 d7d5 c2c4 d5c4 e2e3 c8e6 g1f3 b8c6 b1d2 b7b5 a2a4 a7a6 a4b5 a6b5 d4d5 a8a1 d5c6 e6d5 b2b3 c4b3 f3e5 b3b2 c1b2 a1d1 e1d1 f7f6 e3e4 d5e4 f2f3 e4d5 d1e1 f6e5 b2e5 d5c6 d2e4 g8f6 e4g5 d8d7 f1e2 d7f5 ...
game 31/100: our_color=W result=1-0 plies=81 W-L-D=20-2-9 elapsed=7457.0s avg=240.5s/game eta=16597.8s
game 32/100: our_color=B result=1/2-1/2 plies=226 W-L-D=20-2-10 elapsed=7873.5s avg=246.0s/game eta=16731.2s
game 33/100: our_color=W result=1-0 plies=59 W-L-D=21-2-10 elapsed=8073.4s avg=244.6s/game eta=16391.4s
game 34/100: our_color=B result=0-1 plies=84 W-L-D=22-2-10 elapsed=8399.1s avg=247.0s/game eta=16304.2s
game 35/100: our_color=W result=1-0 plies=65 W-L-D=23-2-10 elapsed=8616.7s avg=246.2s/game eta=16002.5s
game 36/100: our_color=B result=1/2-1/2 plies=172 W-L-D=23-2-11 elapsed=8940.1s avg=248.3s/game eta=15893.4s
game 37/100: our_color=W result=1-0 plies=99 W-L-D=24-2-11 elapsed=9387.8s avg=253.7s/game eta=15984.6s
game 38/100: our_color=B result=1/2-1/2 plies=110 W-L-D=24-2-12 elapsed=9904.3s avg=260.6s/game eta=16159.6s
game 39/100: our_color=W result=1/2-1/2 plies=97 W-L-D=24-2-13 elapsed=10382.6s avg=266.2s/game eta=16239.4s
game 40/100: our_color=B result=1-0 plies=53 W-L-D=24-3-13 elapsed=10631.1s avg=265.8s/game eta=15946.6s
sample game 40: plies=53 moves=d2d4 d7d5 c2c4 d5c4 e2e3 c8e6 b1c3 g8f6 h2h3 b8c6 g1e2 e6d7 e2g3 d7e6 f1e2 d8d7 c3a4 b7b6 b2b3 c4b3 a2b3 e6d5 a4c3 d5g2 h1h2 g2h3 h2h3 d7h3 e2b5 h3e6 d4d5 f6d5 d1d5 e6d5 c3d5 e8c8 b5c6 d8d6 d5b4 a7a5 ...
game 41/100: our_color=W result=1/2-1/2 plies=63 W-L-D=24-3-14 elapsed=11120.8s avg=271.2s/game eta=16003.1s
game 42/100: our_color=B result=1/2-1/2 plies=85 W-L-D=24-3-15 elapsed=12230.2s avg=291.2s/game eta=16889.3s
game 43/100: our_color=W result=1-0 plies=75 W-L-D=25-3-15 elapsed=12507.2s avg=290.9s/game eta=16579.3s
game 44/100: our_color=B result=0-1 plies=88 W-L-D=26-3-15 elapsed=12635.0s avg=287.2s/game eta=16081.0s
game 45/100: our_color=W result=1/2-1/2 plies=66 W-L-D=26-3-16 elapsed=12842.2s avg=285.4s/game eta=15696.1s
game 46/100: our_color=B result=0-1 plies=122 W-L-D=27-3-16 elapsed=13172.4s avg=286.4s/game eta=15463.3s
game 47/100: our_color=W result=1-0 plies=61 W-L-D=28-3-16 elapsed=13316.0s avg=283.3s/game eta=15015.9s
game 48/100: our_color=B result=1-0 plies=79 W-L-D=28-4-16 elapsed=13888.1s avg=289.3s/game eta=15045.4s
game 49/100: our_color=W result=1-0 plies=85 W-L-D=29-4-16 elapsed=14087.3s avg=287.5s/game eta=14662.2s
game 50/100: our_color=B result=1-0 plies=89 W-L-D=29-5-16 elapsed=14294.6s avg=285.9s/game eta=14294.6s
sample game 50: plies=89 moves=e2e4 b8c6 d2d4 d7d5 b1c3 e7e6 g1f3 f8b4 c1g5 b4c3 b2c3 g8e7 e4d5 e6d5 f1d3 h7h6 g5h4 g7g5 h4g3 c8f5 a1b1 f5d3 c2d3 a8b8 f3e5 e8g8 f2f4 f7f6 e5g4 e7f5 e1g1 g8h8 d1f3 h6h5 f4g5 f5g3 f3g3 h5g4 g3h4 h8g7 ...
game 51/100: our_color=W result=1-0 plies=151 W-L-D=30-5-16 elapsed=14727.8s avg=288.8s/game eta=14150.2s
game 52/100: our_color=B result=1/2-1/2 plies=131 W-L-D=30-5-17 elapsed=15312.6s avg=294.5s/game eta=14134.7s
game 53/100: our_color=W result=1-0 plies=85 W-L-D=31-5-17 elapsed=16811.2s avg=317.2s/game eta=14908.1s
game 54/100: our_color=B result=1-0 plies=125 W-L-D=31-6-17 elapsed=17914.9s avg=331.8s/game eta=15260.8s
game 55/100: our_color=W result=1-0 plies=63 W-L-D=32-6-17 elapsed=18376.6s avg=334.1s/game eta=15035.4s
